// Jest Snapshot v1, https://goo.gl/fbAQLP

exports[`matches snapshot 1`] = `
<DocumentFragment>
  <form
    class=""
  >
    <h3>
      Login
    </h3>
    <div
      class="position-relative form-group"
    >
      <label
        class=""
        for="username"
      />
      <input
        class="form-control"
        id="username"
        name="username"
        placeholder="username"
        type="text"
        value=""
      />
    </div>
    <div
      class="position-relative form-group"
    >
      <label
        class=""
        for="password"
      />
      <input
        class="form-control"
        id="password"
        name="password"
        placeholder="password"
        type="text"
        value=""
      />
    </div>
    <button
      class="btn btn-primary"
    >
      Login
    </button>
  </form>
</DocumentFragment>
`;
