// Jest Snapshot v1, https://goo.gl/fbAQLP

exports[`ValidLoginForm: matches snapshot 1`] = `
<DocumentFragment>
  <form
    class=""
  >
    <div
      class="position-relative form-group"
    >
      <label
        class=""
        for="username"
      >
        username
      </label>
      <input
        autocomplete="username"
        class="form-control"
        id="username"
        name="username"
        placeholder="enter username here"
        type="text"
        value=""
      />
      <label
        class=""
        for="password"
      >
        password
      </label>
      <input
        autocomplete="current-password"
        class="form-control"
        id="password"
        name="password"
        placeholder="enter password here"
        type="password"
        value=""
      />
    </div>
    <button
      class="btn btn-success"
      type="submit"
    >
      Login
    </button>
  </form>
</DocumentFragment>
`;
