// Jest Snapshot v1, https://goo.gl/fbAQLP

exports[`matches snapshot 1`] = `
<DocumentFragment>
  <div>
    <h1>
      What is Park Pilot?
    </h1>
    <p
      class="About-subtitle"
    >
       Free Valet Software for tracking your valet operation
    </p>
    <p
      class="About-text"
    >
      Alright, listen up folks. I've been in the valet and parking game for over two decades, seen it all, and heard every excuse in the book. Let me tell you something straight: if you're still dealing with cash, you might as well be handing out bonuses to the valets for a job well stolen! Yeah, you heard me right. Cash disappears faster than you can say 'Where'd my profits go?' It's like playing a game of 'Find the Missing Bills,' and trust me, it's not a game you want to be playing. I've seen it all – valets reusing tickets, conveniently forgetting to issue them, or pulling off some Houdini-level sleight of hand. But fear not, because I've got a solution that'll keep your profits where they belong – in your pocket. This software right here? It's like having a guardian angel watching over your cash, except this one doesn't take coffee breaks. So, do yourself a favor and let's put an end to the disappearing act. With this software, you'll be laughing all the way to the bank – without any unexpected detours. Remember, in the words of the great De Niro: 'You better not, or else...' Let's keep those profits intact, shall we?
    </p>
  </div>
</DocumentFragment>
`;

exports[`matches snapshot when logged out 1`] = `
<DocumentFragment>
  <div>
    <h1>
      What is Park Pilot?
    </h1>
    <p
      class="About-subtitle"
    >
       Free Valet Software for tracking your valet operation
    </p>
    <p
      class="About-text"
    >
      Alright, listen up folks. I've been in the valet and parking game for over two decades, seen it all, and heard every excuse in the book. Let me tell you something straight: if you're still dealing with cash, you might as well be handing out bonuses to the valets for a job well stolen! Yeah, you heard me right. Cash disappears faster than you can say 'Where'd my profits go?' It's like playing a game of 'Find the Missing Bills,' and trust me, it's not a game you want to be playing. I've seen it all – valets reusing tickets, conveniently forgetting to issue them, or pulling off some Houdini-level sleight of hand. But fear not, because I've got a solution that'll keep your profits where they belong – in your pocket. This software right here? It's like having a guardian angel watching over your cash, except this one doesn't take coffee breaks. So, do yourself a favor and let's put an end to the disappearing act. With this software, you'll be laughing all the way to the bank – without any unexpected detours. Remember, in the words of the great De Niro: 'You better not, or else...' Let's keep those profits intact, shall we?
    </p>
  </div>
</DocumentFragment>
`;
